Project config: Slug for project identified by "extra.eas.projectId" (frontend) does not match the "slug" field (eco-habit). Learn more: https://expo.fyi/eas-project-id
node.exe :     Error: 
build command failed.
En línea: 1 Carácter: 1
+ & "C:\Program 
Files\nodejs/node.exe" "C:\
Users\fmunive\AppData\Roami
n ...
+ ~~~~~~~~~~~~~~~~~~~~~~~~~
~~~~~~~~~~~~~~~~~~~~~~~~~~~
~~~~~~~~~~~~~~~~~
    + CategoryInfo         
     : NotSpecified: (     
   Error: build command    
 failed.:String) [], Re    
moteException
    + FullyQualifiedErrorI 
   d : NativeCommandError
 
