node.exe : PASS src/context
s/__tests__/I18nContext.pro
perty.test.ts (17.163 s)
En línea: 1 Carácter: 1
+ & "C:\Program 
Files\nodejs/node.exe" "C:\
Users\fmunive\AppData\Roami
n ...
+ ~~~~~~~~~~~~~~~~~~~~~~~~~
~~~~~~~~~~~~~~~~~~~~~~~~~~~
~~~~~~~~~~~~~~~~~
    + CategoryInfo         
     : NotSpecified: (PAS  
  S src/contex...t.ts (1   
 7.163 s):String) [], R    
emoteException
    + FullyQualifiedErrorI 
   d : NativeCommandError
 
FAIL src/components/__tests
__/HabitCard.test.tsx
  ÔùÅ Test suite failed to 
run

    Cannot find module 
'expo-asset' from 'node_mod
ules/expo-font/build/FontLo
ader.js'

    Require stack:
      node_modules/expo-fon
t/build/FontLoader.js
      node_modules/expo-fon
t/build/Font.js
      node_modules/expo-fon
t/build/index.js
      node_modules/@expo/ve
ctor-icons/build/createIcon
Set.js
      node_modules/@expo/ve
ctor-icons/build/AntDesign.
js
      node_modules/@expo/ve
ctor-icons/build/IconsLazy.
js
      src/components/HabitC
ard.tsx
      src/components/__test
s__/HabitCard.test.tsx

    [0m [90m 1 |[39m 
[36mimport[39m 
[33mReact[39m[33m,[39m 
{ useEffect[33m,[39m 
useRef } [36mfrom[39m [3
2m'react'[39m[33m;[39m
     [90m 2 |[39m 
[36mimport[39m { 
[33mView[39m[33m,[39m 
[33mText[39m[33m,[39m 
[33mTouchableOpacity[39m[
33m,[39m [33mStyleSheet[
39m[33m,[39m 
[33mAnimated[39m } 
[36mfrom[39m [32m'react-
native'[39m[33m;[39m
    
[31m[1m>[22m[39m[90m 
3 |[39m [36mimport[39m 
{ [33mMaterialCommunityIco
ns[39m } [36mfrom[39m [
32m'@expo/vector-icons'[39
m[33m;[39m
     [90m   |[39m 
[31m[1m^[22m[39m
     [90m 4 |[39m 
[36mimport[39m { 
[33mSwipeable[39m } 
[36mfrom[39m [32m'react-
native-gesture-handler'[39
m[33m;[39m
     [90m 5 |[39m 
[36mimport[39m { 
colors[33m,[39m 
spacing[33m,[39m radius 
} [36mfrom[39m [32m'../t
heme'[39m[33m;[39m
     [90m 6 |[39m 
[36mimport[39m { useI18n 
} [36mfrom[39m [32m'../c
ontexts/I18nContext'[39m[
33m;[39m[0m

      at Resolver._throwMod
NotFoundError (node_modules
/jest-resolve/build/resolve
r.js:427:11)
      at Object.require (no
de_modules/expo-font/src/Fo
ntLoader.ts:1:1)
      at Object.require (no
de_modules/expo-font/src/Fo
nt.ts:5:1)
      at Object.require (no
de_modules/expo-font/src/in
dex.ts:1:1)
      at Object.require (no
de_modules/@expo/vector-ico
ns/src/createIconSet.tsx:1:
1)
      at Object.require (no
de_modules/@expo/vector-ico
ns/src/AntDesign.ts:3:1)
      at Object.require (no
de_modules/@expo/vector-ico
ns/src/Icons.ts:3:1)
      at Object.require (sr
c/components/HabitCard.tsx:
3:1)
      at Object.require (sr
c/components/__tests__/Habi
tCard.test.tsx:3:1)

PASS src/i18n/__tests__/tra
nslations.property.test.ts
PASS src/__tests__/theme.co
nsistency.test.ts
FAIL src/screens/__tests__/
TodayScreen.offline.test.ts
x
  ÔùÅ Test suite failed to 
run

    Cannot find module 
'expo-asset' from 'node_mod
ules/expo-font/build/FontLo
ader.js'

    Require stack:
      node_modules/expo-fon
t/build/FontLoader.js
      node_modules/expo-fon
t/build/Font.js
      node_modules/expo-fon
t/build/index.js
      node_modules/@expo/ve
ctor-icons/build/createIcon
Set.js
      node_modules/@expo/ve
ctor-icons/build/AntDesign.
js
      node_modules/@expo/ve
ctor-icons/build/IconsLazy.
js
      
src/screens/TodayScreen.tsx
      src/screens/__tests__
/TodayScreen.offline.test.t
sx

    [0m [90m  5 |[39m } 
[36mfrom[39m [32m'react-
native'[39m[33m;[39m
     [90m  6 |[39m 
[36mimport[39m { 
[33mSafeAreaView[39m } 
[36mfrom[39m [32m'react-
native-safe-area-context'[
39m[33m;[39m
    
[31m[1m>[22m[39m[90m  
7 |[39m [36mimport[39m 
{ [33mMaterialCommunityIco
ns[39m } [36mfrom[39m [
32m'@expo/vector-icons'[39
m[33m;[39m
     [90m    |[39m 
[31m[1m^[22m[39m
     [90m  8 |[39m 
[36mimport[39m { 
useHabits[33m,[39m 
calcEcoPoints[33m,[39m 
calcLevel[33m,[39m 
levelTitle[33m,[39m 
pointsToNextLevel } 
[36mfrom[39m [32m'../con
texts/HabitContext'[39m[3
3m;[39m
     [90m  9 |[39m 
[36mimport[39m type { 
[33mHabit[39m } 
[36mfrom[39m [32m'../con
texts/HabitContext'[39m[3
3m;[39m
     [90m 10 |[39m 
[36mimport[39m { 
useWelcome } 
[36mfrom[39m [32m'../con
texts/WelcomeContext'[39m
[33m;[39m[0m

      at Resolver._throwMod
NotFoundError (node_modules
/jest-resolve/build/resolve
r.js:427:11)
      at Object.require (no
de_modules/expo-font/src/Fo
ntLoader.ts:1:1)
      at Object.require (no
de_modules/expo-font/src/Fo
nt.ts:5:1)
      at Object.require (no
de_modules/expo-font/src/in
dex.ts:1:1)
      at Object.require (no
de_modules/@expo/vector-ico
ns/src/createIconSet.tsx:1:
1)
      at Object.require (no
de_modules/@expo/vector-ico
ns/src/AntDesign.ts:3:1)
      at Object.require (no
de_modules/@expo/vector-ico
ns/src/Icons.ts:3:1)
      at Object.require (sr
c/screens/TodayScreen.tsx:7
:1)
      at Object.require (sr
c/screens/__tests__/TodaySc
reen.offline.test.tsx:87:1)

FAIL src/components/__tests
__/StatsCards.test.tsx
  ÔùÅ Test suite failed to 
run

    Cannot find module 
'expo-asset' from 'node_mod
ules/expo-font/build/FontLo
ader.js'

    Require stack:
      node_modules/expo-fon
t/build/FontLoader.js
      node_modules/expo-fon
t/build/Font.js
      node_modules/expo-fon
t/build/index.js
      node_modules/@expo/ve
ctor-icons/build/createIcon
Set.js
      node_modules/@expo/ve
ctor-icons/build/AntDesign.
js
      node_modules/@expo/ve
ctor-icons/build/IconsLazy.
js
      src/components/StatsC
ards.tsx
      src/components/__test
s__/StatsCards.test.tsx

    [0m [90m 1 |[39m 
[36mimport[39m 
[33mReact[39m 
[36mfrom[39m [32m'react'
[39m[33m;[39m
     [90m 2 |[39m 
[36mimport[39m { 
[33mView[39m[33m,[39m 
[33mText[39m[33m,[39m 
[33mStyleSheet[39m } 
[36mfrom[39m [32m'react-
native'[39m[33m;[39m
    
[31m[1m>[22m[39m[90m 
3 |[39m [36mimport[39m 
{ [33mMaterialCommunityIco
ns[39m } [36mfrom[39m [
32m'@expo/vector-icons'[39
m[33m;[39m
     [90m   |[39m 
[31m[1m^[22m[39m
     [90m 4 |[39m 
[36mimport[39m { 
colors[33m,[39m 
glassCard[33m,[39m 
spacing } [36mfrom[39m [
32m'../theme'[39m[33m;[3
9m
     [90m 5 |[39m 
[36mimport[39m { useI18n 
} [36mfrom[39m [32m'../c
ontexts/I18nContext'[39m[
33m;[39m
     [90m 6 |[39m[0m

      at Resolver._throwMod
NotFoundError (node_modules
/jest-resolve/build/resolve
r.js:427:11)
      at Object.require (no
de_modules/expo-font/src/Fo
ntLoader.ts:1:1)
      at Object.require (no
de_modules/expo-font/src/Fo
nt.ts:5:1)
      at Object.require (no
de_modules/expo-font/src/in
dex.ts:1:1)
      at Object.require (no
de_modules/@expo/vector-ico
ns/src/createIconSet.tsx:1:
1)
      at Object.require (no
de_modules/@expo/vector-ico
ns/src/AntDesign.ts:3:1)
      at Object.require (no
de_modules/@expo/vector-ico
ns/src/Icons.ts:3:1)
      at Object.require (sr
c/components/StatsCards.tsx
:3:1)
      at Object.require (sr
c/components/__tests__/Stat
sCards.test.tsx:3:1)

PASS src/components/__tests
__/GrowthOrb.property.test.
ts
PASS src/__tests__/theme.te
st.ts (28.041 s)
  ÔùÅ Console

    console.warn
      expo-notifications: 
Android Push notifications 
(remote notifications) 
functionality provided by 
expo-notifications was 
removed from Expo Go with 
the release of SDK 53. Use 
a development build 
instead of Expo Go. Learn 
more at https://docs.expo.d
ev/develop/development-buil
ds/introduction/.

    [0m [90m 2 |[39m 
[36mimport[39m { 
[33mAlert[39m[33m,[39m 
[33mPlatform[39m } 
[36mfrom[39m [32m'react-
native'[39m[33m;[39m
     [90m 3 |[39m 
[36mimport[39m 
[33mAsyncStorage[39m 
[36mfrom[39m [32m'@react
-native-async-storage/async
-storage'[39m[33m;[39m
    
[31m[1m>[22m[39m[90m 
4 |[39m [36mimport[39m 
[33m*[39m [36mas[39m 
[33mNotifications[39m 
[36mfrom[39m [32m'expo-n
otifications'[39m[33m;[3
9m
     [90m   |[39m 
[31m[1m^[22m[39m
     [90m 5 |[39m 
[36mimport[39m {
     [90m 6 |[39m   
initLocalDb[33m,[39m
     [90m 7 |[39m   getFu
llHabits[33m,[39m[0m

      at warn (node_modules
/expo-notifications/src/war
nOfExpoGoPushUsage.ts:14:15
)
      at 
addPushTokenListener (node_
modules/expo-notifications/
src/TokenEmitter.ts:44:24)
      at 
Object.<anonymous> (node_mo
dules/expo-notifications/sr
c/DevicePushTokenAutoRegist
ration.fx.ts:86:23)
      at Object.require (no
de_modules/expo-notificatio
ns/src/getExpoPushTokenAsyn
c.ts:5:1)
      at Object.require (no
de_modules/expo-notificatio
ns/src/index.ts:16:1)
      at Object.require (sr
c/contexts/HabitContext.tsx
:4:1)
      at Object.require (sr
c/__tests__/theme.test.ts:2
1:1)

PASS src/contexts/__tests__
/AchievementContext.propert
y.test.ts (29.174 s)
  ÔùÅ Console

    console.warn
      expo-notifications: 
Android Push notifications 
(remote notifications) 
functionality provided by 
expo-notifications was 
removed from Expo Go with 
the release of SDK 53. Use 
a development build 
instead of Expo Go. Learn 
more at https://docs.expo.d
ev/develop/development-buil
ds/introduction/.

    [0m [90m 2 |[39m 
[36mimport[39m { 
[33mAlert[39m[33m,[39m 
[33mPlatform[39m } 
[36mfrom[39m [32m'react-
native'[39m[33m;[39m
     [90m 3 |[39m 
[36mimport[39m 
[33mAsyncStorage[39m 
[36mfrom[39m [32m'@react
-native-async-storage/async
-storage'[39m[33m;[39m
    
[31m[1m>[22m[39m[90m 
4 |[39m [36mimport[39m 
[33m*[39m [36mas[39m 
[33mNotifications[39m 
[36mfrom[39m [32m'expo-n
otifications'[39m[33m;[3
9m
     [90m   |[39m 
[31m[1m^[22m[39m
     [90m 5 |[39m 
[36mimport[39m {
     [90m 6 |[39m   
initLocalDb[33m,[39m
     [90m 7 |[39m   getFu
llHabits[33m,[39m[0m

      at warn (node_modules
/expo-notifications/src/war
nOfExpoGoPushUsage.ts:14:15
)
      at 
addPushTokenListener (node_
modules/expo-notifications/
src/TokenEmitter.ts:44:24)
      at 
Object.<anonymous> (node_mo
dules/expo-notifications/sr
c/DevicePushTokenAutoRegist
ration.fx.ts:86:23)
      at Object.require (no
de_modules/expo-notificatio
ns/src/getExpoPushTokenAsyn
c.ts:5:1)
      at Object.require (no
de_modules/expo-notificatio
ns/src/index.ts:16:1)
      at Object.require (sr
c/contexts/HabitContext.tsx
:4:1)
      at Object.require (sr
c/contexts/AchievementConte
xt.tsx:3:1)
      at Object.require (sr
c/contexts/__tests__/Achiev
ementContext.property.test.
ts:14:1)

PASS src/contexts/__tests__
/HabitContext.property.test
.ts (29.616 s)
  ÔùÅ Console

    console.warn
      expo-notifications: 
Android Push notifications 
(remote notifications) 
functionality provided by 
expo-notifications was 
removed from Expo Go with 
the release of SDK 53. Use 
a development build 
instead of Expo Go. Learn 
more at https://docs.expo.d
ev/develop/development-buil
ds/introduction/.

    [0m [90m 2 |[39m 
[36mimport[39m { 
[33mAlert[39m[33m,[39m 
[33mPlatform[39m } 
[36mfrom[39m [32m'react-
native'[39m[33m;[39m
     [90m 3 |[39m 
[36mimport[39m 
[33mAsyncStorage[39m 
[36mfrom[39m [32m'@react
-native-async-storage/async
-storage'[39m[33m;[39m
    
[31m[1m>[22m[39m[90m 
4 |[39m [36mimport[39m 
[33m*[39m [36mas[39m 
[33mNotifications[39m 
[36mfrom[39m [32m'expo-n
otifications'[39m[33m;[3
9m
     [90m   |[39m 
[31m[1m^[22m[39m
     [90m 5 |[39m 
[36mimport[39m {
     [90m 6 |[39m   
initLocalDb[33m,[39m
     [90m 7 |[39m   getFu
llHabits[33m,[39m[0m

      at warn (node_modules
/expo-notifications/src/war
nOfExpoGoPushUsage.ts:14:15
)
      at 
addPushTokenListener (node_
modules/expo-notifications/
src/TokenEmitter.ts:44:24)
      at 
Object.<anonymous> (node_mo
dules/expo-notifications/sr
c/DevicePushTokenAutoRegist
ration.fx.ts:86:23)
      at Object.require (no
de_modules/expo-notificatio
ns/src/getExpoPushTokenAsyn
c.ts:5:1)
      at Object.require (no
de_modules/expo-notificatio
ns/src/index.ts:16:1)
      at Object.require (sr
c/contexts/HabitContext.tsx
:4:1)
      at Object.require (sr
c/contexts/__tests__/HabitC
ontext.property.test.ts:14:
1)

FAIL src/screens/__tests__/
StatsScreen.emptyState.test
.tsx
  ÔùÅ Test suite failed to 
run

    Cannot find module 
'expo-asset' from 'node_mod
ules/expo-font/build/FontLo
ader.js'

    Require stack:
      node_modules/expo-fon
t/build/FontLoader.js
      node_modules/expo-fon
t/build/Font.js
      node_modules/expo-fon
t/build/index.js
      node_modules/@expo/ve
ctor-icons/build/createIcon
Set.js
      node_modules/@expo/ve
ctor-icons/build/AntDesign.
js
      node_modules/@expo/ve
ctor-icons/build/IconsLazy.
js
      
src/screens/StatsScreen.tsx
      src/screens/__tests__
/StatsScreen.emptyState.tes
t.tsx

    [0m [90m  8 |[39m } 
[36mfrom[39m [32m'react-
native'[39m[33m;[39m
     [90m  9 |[39m 
[36mimport[39m { 
[33mSafeAreaView[39m } 
[36mfrom[39m [32m'react-
native-safe-area-context'[
39m[33m;[39m
    
[31m[1m>[22m[39m[90m 
10 |[39m [36mimport[39m 
{ [33mMaterialCommunityIco
ns[39m } [36mfrom[39m [
32m'@expo/vector-icons'[39
m[33m;[39m
     [90m    |[39m 
[31m[1m^[22m[39m
     [90m 11 |[39m 
[36mimport[39m { 
[33mLinearGradient[39m } 
[36mfrom[39m [32m'expo-l
inear-gradient'[39m[33m;
[39m
     [90m 12 |[39m 
[36mimport[39m {
     [90m 13 |[39m   
useHabits[33m,[39m[0m

      at Resolver._throwMod
NotFoundError (node_modules
/jest-resolve/build/resolve
r.js:427:11)
      at Object.require (no
de_modules/expo-font/src/Fo
ntLoader.ts:1:1)
      at Object.require (no
de_modules/expo-font/src/Fo
nt.ts:5:1)
      at Object.require (no
de_modules/expo-font/src/in
dex.ts:1:1)
      at Object.require (no
de_modules/@expo/vector-ico
ns/src/createIconSet.tsx:1:
1)
      at Object.require (no
de_modules/@expo/vector-ico
ns/src/AntDesign.ts:3:1)
      at Object.require (no
de_modules/@expo/vector-ico
ns/src/Icons.ts:3:1)
      at Object.require (sr
c/screens/StatsScreen.tsx:1
0:1)
      at Object.require (sr
c/screens/__tests__/StatsSc
reen.emptyState.test.tsx:3:
1)

PASS src/components/__tests
__/DailyProgress.test.tsx 
(9.397 s)
  ÔùÅ Console

    console.error
      An update to 
Animated(View) inside a 
test was not wrapped in 
act(...).
      
      When testing, code 
that causes React state 
updates should be wrapped 
into act(...):
      
      act(() => {
        /* fire events 
that update state */
      });
      /* assert on the 
output */
      
      This ensures that 
you're testing the 
behavior the user would 
see in the browser. Learn 
more at https://react.dev/l
ink/wrap-tests-with-act

      at node_modules/react
-test-renderer/cjs/react-te
st-renderer.development.js:
14402:19
      at runWithFiberInDEV 
(node_modules/react-test-re
nderer/cjs/react-test-rende
rer.development.js:2315:13)
      at warnIfUpdatesNotWr
appedWithActDEV (node_modul
es/react-test-renderer/cjs/
react-test-renderer.develop
ment.js:14401:9)
      at 
scheduleUpdateOnFiber (node
_modules/react-test-rendere
r/cjs/react-test-renderer.d
evelopment.js:12086:9)
      at 
dispatchReducerAction (node
_modules/react-test-rendere
r/cjs/react-test-renderer.d
evelopment.js:6155:13)
      at 
Object.scheduleUpdate [as 
current] (node_modules/reac
t-native/src/private/animat
ed/createAnimatedPropsHook.
js:121:20)
      at 
AnimatedProps.current [as 
_callback] (node_modules/re
act-native/src/private/anim
ated/createAnimatedPropsHoo
k.js:64:56)
      at 
AnimatedProps._callback 
[as update] (node_modules/r
eact-native/Libraries/Anima
ted/nodes/AnimatedProps.js:
231:10)
      at update (node_modul
es/react-native/Libraries/A
nimated/nodes/AnimatedValue
.js:64:31)
          at Set.forEach 
(<anonymous>)
      at forEach (node_modu
les/react-native/Libraries/
Animated/nodes/AnimatedValu
e.js:64:10)
      at 
AnimatedValue.flushValue 
[as _updateValue] (node_mod
ules/react-native/Libraries
/Animated/nodes/AnimatedVal
ue.js:358:7)
      at TimingAnimation._u
pdateValue [as _onUpdate] (
node_modules/react-native/L
ibraries/Animated/nodes/Ani
matedValue.js:322:14)
      at 
TimingAnimation._onUpdate 
[as onUpdate] (node_modules
/react-native/Libraries/Ani
mated/animations/TimingAnim
ation.js:157:10)
      at onUpdate (node_mod
ules/react-native/Libraries
/Animated/animations/Timing
Animation.js:132:67)
      at Timeout.callback 
[as _onTimeout] (node_modul
es/react-native/jest/setup.
js:61:31)

    console.error
      An update to 
Animated(View) inside a 
test was not wrapped in 
act(...).
      
      When testing, code 
that causes React state 
updates should be wrapped 
into act(...):
      
      act(() => {
        /* fire events 
that update state */
      });
      /* assert on the 
output */
      
      This ensures that 
you're testing the 
behavior the user would 
see in the browser. Learn 
more at https://react.dev/l
ink/wrap-tests-with-act

      at node_modules/react
-test-renderer/cjs/react-te
st-renderer.development.js:
14402:19
      at runWithFiberInDEV 
(node_modules/react-test-re
nderer/cjs/react-test-rende
rer.development.js:2315:13)
      at warnIfUpdatesNotWr
appedWithActDEV (node_modul
es/react-test-renderer/cjs/
react-test-renderer.develop
ment.js:14401:9)
      at 
scheduleUpdateOnFiber (node
_modules/react-test-rendere
r/cjs/react-test-renderer.d
evelopment.js:12086:9)
      at 
dispatchReducerAction (node
_modules/react-test-rendere
r/cjs/react-test-renderer.d
evelopment.js:6155:13)
      at 
Object.scheduleUpdate [as 
current] (node_modules/reac
t-native/src/private/animat
ed/createAnimatedPropsHook.
js:121:20)
      at 
AnimatedProps.current [as 
_callback] (node_modules/re
act-native/src/private/anim
ated/createAnimatedPropsHoo
k.js:64:56)
      at 
AnimatedProps._callback 
[as update] (node_modules/r
eact-native/Libraries/Anima
ted/nodes/AnimatedProps.js:
231:10)
      at update (node_modul
es/react-native/Libraries/A
nimated/nodes/AnimatedValue
.js:64:31)
          at Set.forEach 
(<anonymous>)
      at forEach (node_modu
les/react-native/Libraries/
Animated/nodes/AnimatedValu
e.js:64:10)
      at 
AnimatedValue.flushValue 
[as _updateValue] (node_mod
ules/react-native/Libraries
/Animated/nodes/AnimatedVal
ue.js:358:7)
      at TimingAnimation._u
pdateValue [as _onUpdate] (
node_modules/react-native/L
ibraries/Animated/nodes/Ani
matedValue.js:322:14)
      at 
TimingAnimation._onUpdate 
[as onUpdate] (node_modules
/react-native/Libraries/Ani
mated/animations/TimingAnim
ation.js:157:10)
      at onUpdate (node_mod
ules/react-native/Libraries
/Animated/animations/Timing
Animation.js:132:67)
      at Timeout.callback 
[as _onTimeout] (node_modul
es/react-native/jest/setup.
js:61:31)

    console.error
      An update to 
Animated(View) inside a 
test was not wrapped in 
act(...).
      
      When testing, code 
that causes React state 
updates should be wrapped 
into act(...):
      
      act(() => {
        /* fire events 
that update state */
      });
      /* assert on the 
output */
      
      This ensures that 
you're testing the 
behavior the user would 
see in the browser. Learn 
more at https://react.dev/l
ink/wrap-tests-with-act

      at node_modules/react
-test-renderer/cjs/react-te
st-renderer.development.js:
14402:19
      at runWithFiberInDEV 
(node_modules/react-test-re
nderer/cjs/react-test-rende
rer.development.js:2315:13)
      at warnIfUpdatesNotWr
appedWithActDEV (node_modul
es/react-test-renderer/cjs/
react-test-renderer.develop
ment.js:14401:9)
      at 
scheduleUpdateOnFiber (node
_modules/react-test-rendere
r/cjs/react-test-renderer.d
evelopment.js:12086:9)
      at 
dispatchReducerAction (node
_modules/react-test-rendere
r/cjs/react-test-renderer.d
evelopment.js:6155:13)
      at 
Object.scheduleUpdate [as 
current] (node_modules/reac
t-native/src/private/animat
ed/createAnimatedPropsHook.
js:121:20)
      at 
AnimatedProps.current [as 
_callback] (node_modules/re
act-native/src/private/anim
ated/createAnimatedPropsHoo
k.js:64:56)
      at 
AnimatedProps._callback 
[as update] (node_modules/r
eact-native/Libraries/Anima
ted/nodes/AnimatedProps.js:
231:10)
      at update (node_modul
es/react-native/Libraries/A
nimated/nodes/AnimatedValue
.js:64:31)
          at Set.forEach 
(<anonymous>)
      at forEach (node_modu
les/react-native/Libraries/
Animated/nodes/AnimatedValu
e.js:64:10)
      at 
AnimatedValue.flushValue 
[as _updateValue] (node_mod
ules/react-native/Libraries
/Animated/nodes/AnimatedVal
ue.js:358:7)
      at TimingAnimation._u
pdateValue [as _onUpdate] (
node_modules/react-native/L
ibraries/Animated/nodes/Ani
matedValue.js:322:14)
      at 
TimingAnimation._onUpdate 
[as onUpdate] (node_modules
/react-native/Libraries/Ani
mated/animations/TimingAnim
ation.js:157:10)
      at onUpdate (node_mod
ules/react-native/Libraries
/Animated/animations/Timing
Animation.js:132:67)
      at Timeout.callback 
[as _onTimeout] (node_modul
es/react-native/jest/setup.
js:61:31)

    console.error
      An update to 
Animated(View) inside a 
test was not wrapped in 
act(...).
      
      When testing, code 
that causes React state 
updates should be wrapped 
into act(...):
      
      act(() => {
        /* fire events 
that update state */
      });
      /* assert on the 
output */
      
      This ensures that 
you're testing the 
behavior the user would 
see in the browser. Learn 
more at https://react.dev/l
ink/wrap-tests-with-act

      at node_modules/react
-test-renderer/cjs/react-te
st-renderer.development.js:
14402:19
      at runWithFiberInDEV 
(node_modules/react-test-re
nderer/cjs/react-test-rende
rer.development.js:2315:13)
      at warnIfUpdatesNotWr
appedWithActDEV (node_modul
es/react-test-renderer/cjs/
react-test-renderer.develop
ment.js:14401:9)
      at 
scheduleUpdateOnFiber (node
_modules/react-test-rendere
r/cjs/react-test-renderer.d
evelopment.js:12086:9)
      at 
dispatchReducerAction (node
_modules/react-test-rendere
r/cjs/react-test-renderer.d
evelopment.js:6155:13)
      at 
Object.scheduleUpdate [as 
current] (node_modules/reac
t-native/src/private/animat
ed/createAnimatedPropsHook.
js:121:20)
      at 
AnimatedProps.current [as 
_callback] (node_modules/re
act-native/src/private/anim
ated/createAnimatedPropsHoo
k.js:64:56)
      at 
AnimatedProps._callback 
[as update] (node_modules/r
eact-native/Libraries/Anima
ted/nodes/AnimatedProps.js:
231:10)
      at update (node_modul
es/react-native/Libraries/A
nimated/nodes/AnimatedValue
.js:64:31)
          at Set.forEach 
(<anonymous>)
      at forEach (node_modu
les/react-native/Libraries/
Animated/nodes/AnimatedValu
e.js:64:10)
      at 
AnimatedValue.flushValue 
[as _updateValue] (node_mod
ules/react-native/Libraries
/Animated/nodes/AnimatedVal
ue.js:358:7)
      at TimingAnimation._u
pdateValue [as _onUpdate] (
node_modules/react-native/L
ibraries/Animated/nodes/Ani
matedValue.js:322:14)
      at 
TimingAnimation._onUpdate 
[as onUpdate] (node_modules
/react-native/Libraries/Ani
mated/animations/TimingAnim
ation.js:157:10)
      at onUpdate (node_mod
ules/react-native/Libraries
/Animated/animations/Timing
Animation.js:132:67)
      at Timeout.callback 
[as _onTimeout] (node_modul
es/react-native/jest/setup.
js:61:31)

    console.error
      An update to 
Animated(View) inside a 
test was not wrapped in 
act(...).
      
      When testing, code 
that causes React state 
updates should be wrapped 
into act(...):
      
      act(() => {
        /* fire events 
that update state */
      });
      /* assert on the 
output */
      
      This ensures that 
you're testing the 
behavior the user would 
see in the browser. Learn 
more at https://react.dev/l
ink/wrap-tests-with-act

      at node_modules/react
-test-renderer/cjs/react-te
st-renderer.development.js:
14402:19
      at runWithFiberInDEV 
(node_modules/react-test-re
nderer/cjs/react-test-rende
rer.development.js:2315:13)
      at warnIfUpdatesNotWr
appedWithActDEV (node_modul
es/react-test-renderer/cjs/
react-test-renderer.develop
ment.js:14401:9)
      at 
scheduleUpdateOnFiber (node
_modules/react-test-rendere
r/cjs/react-test-renderer.d
evelopment.js:12086:9)
      at 
dispatchReducerAction (node
_modules/react-test-rendere
r/cjs/react-test-renderer.d
evelopment.js:6155:13)
      at 
Object.scheduleUpdate [as 
current] (node_modules/reac
t-native/src/private/animat
ed/createAnimatedPropsHook.
js:121:20)
      at 
AnimatedProps.current [as 
_callback] (node_modules/re
act-native/src/private/anim
ated/createAnimatedPropsHoo
k.js:64:56)
      at 
AnimatedProps._callback 
[as update] (node_modules/r
eact-native/Libraries/Anima
ted/nodes/AnimatedProps.js:
231:10)
      at update (node_modul
es/react-native/Libraries/A
nimated/nodes/AnimatedValue
.js:64:31)
          at Set.forEach 
(<anonymous>)
      at forEach (node_modu
les/react-native/Libraries/
Animated/nodes/AnimatedValu
e.js:64:10)
      at 
AnimatedValue.flushValue 
[as _updateValue] (node_mod
ules/react-native/Libraries
/Animated/nodes/AnimatedVal
ue.js:358:7)
      at TimingAnimation._u
pdateValue [as _onUpdate] (
node_modules/react-native/L
ibraries/Animated/nodes/Ani
matedValue.js:322:14)
      at 
TimingAnimation._onUpdate 
[as onUpdate] (node_modules
/react-native/Libraries/Ani
mated/animations/TimingAnim
ation.js:157:10)
      at onUpdate (node_mod
ules/react-native/Libraries
/Animated/animations/Timing
Animation.js:132:67)
      at Timeout.callback 
[as _onTimeout] (node_modul
es/react-native/jest/setup.
js:61:31)

    console.error
      An update to 
Animated(View) inside a 
test was not wrapped in 
act(...).
      
      When testing, code 
that causes React state 
updates should be wrapped 
into act(...):
      
      act(() => {
        /* fire events 
that update state */
      });
      /* assert on the 
output */
      
      This ensures that 
you're testing the 
behavior the user would 
see in the browser. Learn 
more at https://react.dev/l
ink/wrap-tests-with-act

      at node_modules/react
-test-renderer/cjs/react-te
st-renderer.development.js:
14402:19
      at runWithFiberInDEV 
(node_modules/react-test-re
nderer/cjs/react-test-rende
rer.development.js:2315:13)
      at warnIfUpdatesNotWr
appedWithActDEV (node_modul
es/react-test-renderer/cjs/
react-test-renderer.develop
ment.js:14401:9)
      at 
scheduleUpdateOnFiber (node
_modules/react-test-rendere
r/cjs/react-test-renderer.d
evelopment.js:12086:9)
      at 
dispatchReducerAction (node
_modules/react-test-rendere
r/cjs/react-test-renderer.d
evelopment.js:6155:13)
      at 
Object.scheduleUpdate [as 
current] (node_modules/reac
t-native/src/private/animat
ed/createAnimatedPropsHook.
js:121:20)
      at 
AnimatedProps.current [as 
_callback] (node_modules/re
act-native/src/private/anim
ated/createAnimatedPropsHoo
k.js:64:56)
      at 
AnimatedProps._callback 
[as update] (node_modules/r
eact-native/Libraries/Anima
ted/nodes/AnimatedProps.js:
231:10)
      at update (node_modul
es/react-native/Libraries/A
nimated/nodes/AnimatedValue
.js:64:31)
          at Set.forEach 
(<anonymous>)
      at forEach (node_modu
les/react-native/Libraries/
Animated/nodes/AnimatedValu
e.js:64:10)
      at 
AnimatedValue.flushValue 
[as _updateValue] (node_mod
ules/react-native/Libraries
/Animated/nodes/AnimatedVal
ue.js:358:7)
      at TimingAnimation._u
pdateValue [as _onUpdate] (
node_modules/react-native/L
ibraries/Animated/nodes/Ani
matedValue.js:322:14)
      at 
TimingAnimation._onUpdate 
[as onUpdate] (node_modules
/react-native/Libraries/Ani
mated/animations/TimingAnim
ation.js:157:10)
      at onUpdate (node_mod
ules/react-native/Libraries
/Animated/animations/Timing
Animation.js:132:67)
      at Timeout.callback 
[as _onTimeout] (node_modul
es/react-native/jest/setup.
js:61:31)

    console.error
      An update to 
Animated(View) inside a 
test was not wrapped in 
act(...).
      
      When testing, code 
that causes React state 
updates should be wrapped 
into act(...):
      
      act(() => {
        /* fire events 
that update state */
      });
      /* assert on the 
output */
      
      This ensures that 
you're testing the 
behavior the user would 
see in the browser. Learn 
more at https://react.dev/l
ink/wrap-tests-with-act

      at node_modules/react
-test-renderer/cjs/react-te
st-renderer.development.js:
14402:19
      at runWithFiberInDEV 
(node_modules/react-test-re
nderer/cjs/react-test-rende
rer.development.js:2315:13)
      at warnIfUpdatesNotWr
appedWithActDEV (node_modul
es/react-test-renderer/cjs/
react-test-renderer.develop
ment.js:14401:9)
      at 
scheduleUpdateOnFiber (node
_modules/react-test-rendere
r/cjs/react-test-renderer.d
evelopment.js:12086:9)
      at 
dispatchReducerAction (node
_modules/react-test-rendere
r/cjs/react-test-renderer.d
evelopment.js:6155:13)
      at 
Object.scheduleUpdate [as 
current] (node_modules/reac
t-native/src/private/animat
ed/createAnimatedPropsHook.
js:121:20)
      at 
AnimatedProps.current [as 
_callback] (node_modules/re
act-native/src/private/anim
ated/createAnimatedPropsHoo
k.js:64:56)
      at 
AnimatedProps._callback 
[as update] (node_modules/r
eact-native/Libraries/Anima
ted/nodes/AnimatedProps.js:
231:10)
      at update (node_modul
es/react-native/Libraries/A
nimated/nodes/AnimatedValue
.js:64:31)
          at Set.forEach 
(<anonymous>)
      at forEach (node_modu
les/react-native/Libraries/
Animated/nodes/AnimatedValu
e.js:64:10)
      at 
AnimatedValue.flushValue 
[as _updateValue] (node_mod
ules/react-native/Libraries
/Animated/nodes/AnimatedVal
ue.js:358:7)
      at TimingAnimation._u
pdateValue [as _onUpdate] (
node_modules/react-native/L
ibraries/Animated/nodes/Ani
matedValue.js:322:14)
      at 
TimingAnimation._onUpdate 
[as onUpdate] (node_modules
/react-native/Libraries/Ani
mated/animations/TimingAnim
ation.js:157:10)
      at onUpdate (node_mod
ules/react-native/Libraries
/Animated/animations/Timing
Animation.js:132:67)
      at Timeout.callback 
[as _onTimeout] (node_modul
es/react-native/jest/setup.
js:61:31)

PASS src/contexts/__tests__
/HabitContext.test.tsx 
(38.233 s)
  ÔùÅ Console

    console.warn
      expo-notifications: 
Android Push notifications 
(remote notifications) 
functionality provided by 
expo-notifications was 
removed from Expo Go with 
the release of SDK 53. Use 
a development build 
instead of Expo Go. Learn 
more at https://docs.expo.d
ev/develop/development-buil
ds/introduction/.

    [0m [90m 2 |[39m 
[36mimport[39m { 
[33mAlert[39m[33m,[39m 
[33mPlatform[39m } 
[36mfrom[39m [32m'react-
native'[39m[33m;[39m
     [90m 3 |[39m 
[36mimport[39m 
[33mAsyncStorage[39m 
[36mfrom[39m [32m'@react
-native-async-storage/async
-storage'[39m[33m;[39m
    
[31m[1m>[22m[39m[90m 
4 |[39m [36mimport[39m 
[33m*[39m [36mas[39m 
[33mNotifications[39m 
[36mfrom[39m [32m'expo-n
otifications'[39m[33m;[3
9m
     [90m   |[39m 
[31m[1m^[22m[39m
     [90m 5 |[39m 
[36mimport[39m {
     [90m 6 |[39m   
initLocalDb[33m,[39m
     [90m 7 |[39m   getFu
llHabits[33m,[39m[0m

      at warn (node_modules
/expo-notifications/src/war
nOfExpoGoPushUsage.ts:14:15
)
      at 
addPushTokenListener (node_
modules/expo-notifications/
src/TokenEmitter.ts:44:24)
      at 
Object.<anonymous> (node_mo
dules/expo-notifications/sr
c/DevicePushTokenAutoRegist
ration.fx.ts:86:23)
      at Object.require (no
de_modules/expo-notificatio
ns/src/getExpoPushTokenAsyn
c.ts:5:1)
      at Object.require (no
de_modules/expo-notificatio
ns/src/index.ts:16:1)
      at Object.require (sr
c/contexts/HabitContext.tsx
:4:1)
      at Object.require (sr
c/contexts/__tests__/HabitC
ontext.test.tsx:4:1)

    console.error
      Failed to init local 
DB: Error: SQLite open 
failed
          at 
Object.<anonymous> (D:\_tra
bajo\fmunive\Documentos\Eco
Habit\frontend\src\contexts
\__tests__\HabitContext.tes
t.tsx:359:43)
          at 
Generator.next 
(<anonymous>)
          at 
asyncGeneratorStep (D:\_tra
bajo\fmunive\Documentos\Eco
Habit\frontend\node_modules
\@babel\runtime\helpers\asy
ncToGenerator.js:3:17)
          at _next (D:\_tra
bajo\fmunive\Documentos\Eco
Habit\frontend\node_modules
\@babel\runtime\helpers\asy
ncToGenerator.js:17:9)
          at D:\_trabajo\fm
unive\Documentos\EcoHabit\f
rontend\node_modules\@babel
\runtime\helpers\asyncToGen
erator.js:22:7
          at new Promise 
(<anonymous>)
          at 
Object.<anonymous> (D:\_tra
bajo\fmunive\Documentos\Eco
Habit\frontend\node_modules
\@babel\runtime\helpers\asy
ncToGenerator.js:14:12)
          at 
Promise.then.completed (D:\
_trabajo\fmunive\Documentos
\EcoHabit\frontend\node_mod
ules\jest-circus\build\util
s.js:298:28)
          at new Promise 
(<anonymous>)
          at 
callAsyncCircusFn (D:\_trab
ajo\fmunive\Documentos\EcoH
abit\frontend\node_modules\
jest-circus\build\utils.js:
231:10)
          at 
_callCircusTest (D:\_trabaj
o\fmunive\Documentos\EcoHab
it\frontend\node_modules\je
st-circus\build\run.js:316:
40)
          at _runTest (D:\_
trabajo\fmunive\Documentos\
EcoHabit\frontend\node_modu
les\jest-circus\build\run.j
s:252:3)
          at 
_runTestsForDescribeBlock (
D:\_trabajo\fmunive\Documen
tos\EcoHabit\frontend\node_
modules\jest-circus\build\r
un.js:126:9)
          at 
_runTestsForDescribeBlock (
D:\_trabajo\fmunive\Documen
tos\EcoHabit\frontend\node_
modules\jest-circus\build\r
un.js:121:9)
          at run (D:\_traba
jo\fmunive\Documentos\EcoHa
bit\frontend\node_modules\j
est-circus\build\run.js:71:
3)
          at runAndTransfor
mResultsToJestFormat (D:\_t
rabajo\fmunive\Documentos\E
coHabit\frontend\node_modul
es\jest-circus\build\legacy
-code-todo-rewrite\jestAdap
terInit.js:122:21)
          at jestAdapter (D
:\_trabajo\fmunive\Document
os\EcoHabit\frontend\node_m
odules\jest-circus\build\le
gacy-code-todo-rewrite\jest
Adapter.js:79:19)
          at 
runTestInternal (D:\_trabaj
o\fmunive\Documentos\EcoHab
it\frontend\node_modules\je
st-runner\build\runTest.js:
367:16)
          at runTest (D:\_t
rabajo\fmunive\Documentos\E
coHabit\frontend\node_modul
es\jest-runner\build\runTes
t.js:444:34)
          at Object.worker 
(D:\_trabajo\fmunive\Docume
ntos\EcoHabit\frontend\node
_modules\jest-runner\build\
testWorker.js:106:12)

    [0m [90m 153 |[39m  
       setDbReady([36mtrue
[39m)[33m;[39m
     [90m 154 |[39m      
 } [36mcatch[39m (e) {
    
[31m[1m>[22m[39m[90m 
155 |[39m         console
[33m.[39merror([32m'Faile
d to init local 
DB:'[39m[33m,[39m 
e)[33m;[39m
     [90m     |[39m      
           
[31m[1m^[22m[39m
     [90m 156 |[39m      
   [33mAlert[39m[33m.[3
9malert(
     [90m 157 |[39m      
     [32m'Error'[39m[33m
,[39m
     [90m 158 |[39m      
     [32m'No se pudo 
inicializar la base de 
datos local. Por favor 
reinicia la app. Si el 
problema persiste, intenta 
reinstalarla.'[39m[33m,[
39m[0m

      at error (src/context
s/HabitContext.tsx:155:17)
          at 
Generator.throw 
(<anonymous>)
      at 
asyncGeneratorStep (node_mo
dules/@babel/runtime/helper
s/asyncToGenerator.js:3:17)
      at _throw (node_modul
es/@babel/runtime/helpers/a
syncToGenerator.js:20:9)

    console.error
      Failed to init local 
DB: Error: SQLite open 
failed
          at 
Object.<anonymous> (D:\_tra
bajo\fmunive\Documentos\Eco
Habit\frontend\src\contexts
\__tests__\HabitContext.tes
t.tsx:373:43)
          at 
Generator.next 
(<anonymous>)
          at 
asyncGeneratorStep (D:\_tra
bajo\fmunive\Documentos\Eco
Habit\frontend\node_modules
\@babel\runtime\helpers\asy
ncToGenerator.js:3:17)
          at _next (D:\_tra
bajo\fmunive\Documentos\Eco
Habit\frontend\node_modules
\@babel\runtime\helpers\asy
ncToGenerator.js:17:9)
          at D:\_trabajo\fm
unive\Documentos\EcoHabit\f
rontend\node_modules\@babel
\runtime\helpers\asyncToGen
erator.js:22:7
          at new Promise 
(<anonymous>)
          at 
Object.<anonymous> (D:\_tra
bajo\fmunive\Documentos\Eco
Habit\frontend\node_modules
\@babel\runtime\helpers\asy
ncToGenerator.js:14:12)
          at 
Promise.then.completed (D:\
_trabajo\fmunive\Documentos
\EcoHabit\frontend\node_mod
ules\jest-circus\build\util
s.js:298:28)
          at new Promise 
(<anonymous>)
          at 
callAsyncCircusFn (D:\_trab
ajo\fmunive\Documentos\EcoH
abit\frontend\node_modules\
jest-circus\build\utils.js:
231:10)
          at 
_callCircusTest (D:\_trabaj
o\fmunive\Documentos\EcoHab
it\frontend\node_modules\je
st-circus\build\run.js:316:
40)
          at _runTest (D:\_
trabajo\fmunive\Documentos\
EcoHabit\frontend\node_modu
les\jest-circus\build\run.j
s:252:3)
          at 
_runTestsForDescribeBlock (
D:\_trabajo\fmunive\Documen
tos\EcoHabit\frontend\node_
modules\jest-circus\build\r
un.js:126:9)
          at 
_runTestsForDescribeBlock (
D:\_trabajo\fmunive\Documen
tos\EcoHabit\frontend\node_
modules\jest-circus\build\r
un.js:121:9)
          at run (D:\_traba
jo\fmunive\Documentos\EcoHa
bit\frontend\node_modules\j
est-circus\build\run.js:71:
3)
          at runAndTransfor
mResultsToJestFormat (D:\_t
rabajo\fmunive\Documentos\E
coHabit\frontend\node_modul
es\jest-circus\build\legacy
-code-todo-rewrite\jestAdap
terInit.js:122:21)
          at jestAdapter (D
:\_trabajo\fmunive\Document
os\EcoHabit\frontend\node_m
odules\jest-circus\build\le
gacy-code-todo-rewrite\jest
Adapter.js:79:19)
          at 
runTestInternal (D:\_trabaj
o\fmunive\Documentos\EcoHab
it\frontend\node_modules\je
st-runner\build\runTest.js:
367:16)
          at runTest (D:\_t
rabajo\fmunive\Documentos\E
coHabit\frontend\node_modul
es\jest-runner\build\runTes
t.js:444:34)
          at Object.worker 
(D:\_trabajo\fmunive\Docume
ntos\EcoHabit\frontend\node
_modules\jest-runner\build\
testWorker.js:106:12)

    [0m [90m 153 |[39m  
       setDbReady([36mtrue
[39m)[33m;[39m
     [90m 154 |[39m      
 } [36mcatch[39m (e) {
    
[31m[1m>[22m[39m[90m 
155 |[39m         console
[33m.[39merror([32m'Faile
d to init local 
DB:'[39m[33m,[39m 
e)[33m;[39m
     [90m     |[39m      
           
[31m[1m^[22m[39m
     [90m 156 |[39m      
   [33mAlert[39m[33m.[3
9malert(
     [90m 157 |[39m      
     [32m'Error'[39m[33m
,[39m
     [90m 158 |[39m      
     [32m'No se pudo 
inicializar la base de 
datos local. Por favor 
reinicia la app. Si el 
problema persiste, intenta 
reinstalarla.'[39m[33m,[
39m[0m

      at error (src/context
s/HabitContext.tsx:155:17)
          at 
Generator.throw 
(<anonymous>)
      at 
asyncGeneratorStep (node_mo
dules/@babel/runtime/helper
s/asyncToGenerator.js:3:17)
      at _throw (node_modul
es/@babel/runtime/helpers/a
syncToGenerator.js:20:9)

PASS src/screens/__tests__/
AchievementsScreen.emptySta
te.test.tsx (10.934 s)
PASS src/components/__tests
__/AddHabitModal.test.tsx 
(23.504 s)
PASS src/components/__tests
__/AchievementToast.test.ts
x (15.232 s)

Test Suites: 4 failed, 12 
passed, 16 total
Tests:       101 passed, 
101 total
Snapshots:   0 total
Time:        49.118 s
Ran all test suites.
