src/components/AddHabitModal.tsx(34,1): error TS1185: Merge conflict marker encountered.
src/components/AddHabitModal.tsx(36,1): error TS1185: Merge conflict marker encountered.
src/components/AddHabitModal.tsx(38,1): error TS1185: Merge conflict marker encountered.
src/components/AddHabitModal.tsx(46,1): error TS1185: Merge conflict marker encountered.
src/components/AddHabitModal.tsx(50,1): error TS1185: Merge conflict marker encountered.
src/components/AddHabitModal.tsx(53,1): error TS1185: Merge conflict marker encountered.
src/components/AddHabitModal.tsx(149,109): error TS1005: '</' expected.
src/components/AddHabitModal.tsx(150,1): error TS1185: Merge conflict marker encountered.
src/components/AddHabitModal.tsx(152,1): error TS1185: Merge conflict marker encountered.
src/components/AddHabitModal.tsx(154,1): error TS1185: Merge conflict marker encountered.
src/components/AddHabitModal.tsx(284,7): error TS1128: Declaration or statement expected.
src/components/AddHabitModal.tsx(285,5): error TS1109: Expression expected.
src/components/AddHabitModal.tsx(286,3): error TS1109: Expression expected.
src/contexts/WelcomeContext.tsx(62,1): error TS1185: Merge conflict marker encountered.
src/contexts/WelcomeContext.tsx(64,1): error TS1185: Merge conflict marker encountered.
src/contexts/WelcomeContext.tsx(65,1): error TS1185: Merge conflict marker encountered.
src/contexts/WelcomeContext.tsx(71,1): error TS1185: Merge conflict marker encountered.
src/contexts/WelcomeContext.tsx(72,1): error TS1185: Merge conflict marker encountered.
src/contexts/WelcomeContext.tsx(74,1): error TS1185: Merge conflict marker encountered.
src/i18n/en.json(6,1): error TS1185: Merge conflict marker encountered.
src/i18n/en.json(7,1): error TS1185: Merge conflict marker encountered.
src/i18n/en.json(9,1): error TS1185: Merge conflict marker encountered.
src/i18n/en.json(14,1): error TS1185: Merge conflict marker encountered.
src/i18n/en.json(15,1): error TS1185: Merge conflict marker encountered.
src/i18n/en.json(17,1): error TS1185: Merge conflict marker encountered.
src/i18n/en.json(43,1): error TS1185: Merge conflict marker encountered.
src/i18n/en.json(44,1): error TS1185: Merge conflict marker encountered.
src/i18n/en.json(46,1): error TS1185: Merge conflict marker encountered.
src/i18n/en.json(54,1): error TS1185: Merge conflict marker encountered.
src/i18n/en.json(55,1): error TS1185: Merge conflict marker encountered.
src/i18n/en.json(57,1): error TS1185: Merge conflict marker encountered.
src/i18n/en.json(70,1): error TS1185: Merge conflict marker encountered.
src/i18n/en.json(74,1): error TS1185: Merge conflict marker encountered.
src/i18n/en.json(78,1): error TS1185: Merge conflict marker encountered.
src/i18n/en.json(85,1): error TS1185: Merge conflict marker encountered.
src/i18n/en.json(96,1): error TS1185: Merge conflict marker encountered.
src/i18n/en.json(98,1): error TS1185: Merge conflict marker encountered.
src/i18n/en.json(151,1): error TS1185: Merge conflict marker encountered.
src/i18n/en.json(152,1): error TS1185: Merge conflict marker encountered.
src/i18n/en.json(154,1): error TS1185: Merge conflict marker encountered.
src/i18n/en.json(172,1): error TS1185: Merge conflict marker encountered.
src/i18n/en.json(173,1): error TS1185: Merge conflict marker encountered.
src/i18n/en.json(175,1): error TS1185: Merge conflict marker encountered.
src/i18n/en.json(195,1): error TS1185: Merge conflict marker encountered.
src/i18n/en.json(196,1): error TS1185: Merge conflict marker encountered.
src/i18n/en.json(198,1): error TS1185: Merge conflict marker encountered.
src/i18n/en.json(205,1): error TS1185: Merge conflict marker encountered.
src/i18n/en.json(206,1): error TS1185: Merge conflict marker encountered.
src/i18n/en.json(208,1): error TS1185: Merge conflict marker encountered.
src/i18n/en.json(217,1): error TS1185: Merge conflict marker encountered.
src/i18n/en.json(218,1): error TS1185: Merge conflict marker encountered.
src/i18n/en.json(220,1): error TS1185: Merge conflict marker encountered.
src/i18n/en.json(236,1): error TS1185: Merge conflict marker encountered.
src/i18n/en.json(237,1): error TS1185: Merge conflict marker encountered.
src/i18n/en.json(239,1): error TS1185: Merge conflict marker encountered.
src/i18n/en.json(244,1): error TS1185: Merge conflict marker encountered.
src/i18n/en.json(245,1): error TS1185: Merge conflict marker encountered.
src/i18n/en.json(247,1): error TS1185: Merge conflict marker encountered.
src/i18n/en.json(252,1): error TS1185: Merge conflict marker encountered.
src/i18n/en.json(254,1): error TS1185: Merge conflict marker encountered.
src/i18n/en.json(258,1): error TS1185: Merge conflict marker encountered.
src/i18n/en.json(266,1): error TS1185: Merge conflict marker encountered.
src/i18n/en.json(268,1): error TS1185: Merge conflict marker encountered.
src/i18n/en.json(272,1): error TS1185: Merge conflict marker encountered.
src/i18n/es.json(6,1): error TS1185: Merge conflict marker encountered.
src/i18n/es.json(7,1): error TS1185: Merge conflict marker encountered.
src/i18n/es.json(9,1): error TS1185: Merge conflict marker encountered.
src/i18n/es.json(14,1): error TS1185: Merge conflict marker encountered.
src/i18n/es.json(15,1): error TS1185: Merge conflict marker encountered.
src/i18n/es.json(17,1): error TS1185: Merge conflict marker encountered.
src/i18n/es.json(43,1): error TS1185: Merge conflict marker encountered.
src/i18n/es.json(44,1): error TS1185: Merge conflict marker encountered.
src/i18n/es.json(46,1): error TS1185: Merge conflict marker encountered.
src/i18n/es.json(54,1): error TS1185: Merge conflict marker encountered.
src/i18n/es.json(55,1): error TS1185: Merge conflict marker encountered.
src/i18n/es.json(57,1): error TS1185: Merge conflict marker encountered.
src/i18n/es.json(70,1): error TS1185: Merge conflict marker encountered.
src/i18n/es.json(74,1): error TS1185: Merge conflict marker encountered.
src/i18n/es.json(78,1): error TS1185: Merge conflict marker encountered.
src/i18n/es.json(86,1): error TS1185: Merge conflict marker encountered.
src/i18n/es.json(87,1): error TS1185: Merge conflict marker encountered.
src/i18n/es.json(89,1): error TS1185: Merge conflict marker encountered.
src/i18n/es.json(98,1): error TS1185: Merge conflict marker encountered.
src/i18n/es.json(99,1): error TS1185: Merge conflict marker encountered.
src/i18n/es.json(101,1): error TS1185: Merge conflict marker encountered.
src/i18n/es.json(142,1): error TS1185: Merge conflict marker encountered.
src/i18n/es.json(143,1): error TS1185: Merge conflict marker encountered.
src/i18n/es.json(145,1): error TS1185: Merge conflict marker encountered.
src/i18n/es.json(166,1): error TS1185: Merge conflict marker encountered.
src/i18n/es.json(167,1): error TS1185: Merge conflict marker encountered.
src/i18n/es.json(169,1): error TS1185: Merge conflict marker encountered.
src/i18n/es.json(174,1): error TS1185: Merge conflict marker encountered.
src/i18n/es.json(175,1): error TS1185: Merge conflict marker encountered.
src/i18n/es.json(177,1): error TS1185: Merge conflict marker encountered.
src/i18n/es.json(190,1): error TS1185: Merge conflict marker encountered.
src/i18n/es.json(191,1): error TS1185: Merge conflict marker encountered.
src/i18n/es.json(193,1): error TS1185: Merge conflict marker encountered.
src/i18n/es.json(211,1): error TS1185: Merge conflict marker encountered.
src/i18n/es.json(212,1): error TS1185: Merge conflict marker encountered.
src/i18n/es.json(214,1): error TS1185: Merge conflict marker encountered.
src/i18n/es.json(234,1): error TS1185: Merge conflict marker encountered.
src/i18n/es.json(235,1): error TS1185: Merge conflict marker encountered.
src/i18n/es.json(237,1): error TS1185: Merge conflict marker encountered.
src/i18n/es.json(244,1): error TS1185: Merge conflict marker encountered.
src/i18n/es.json(245,1): error TS1185: Merge conflict marker encountered.
src/i18n/es.json(247,1): error TS1185: Merge conflict marker encountered.
src/i18n/es.json(256,1): error TS1185: Merge conflict marker encountered.
src/i18n/es.json(257,1): error TS1185: Merge conflict marker encountered.
src/i18n/es.json(259,1): error TS1185: Merge conflict marker encountered.
src/i18n/es.json(275,1): error TS1185: Merge conflict marker encountered.
src/i18n/es.json(276,1): error TS1185: Merge conflict marker encountered.
src/i18n/es.json(278,1): error TS1185: Merge conflict marker encountered.
src/i18n/es.json(283,1): error TS1185: Merge conflict marker encountered.
src/i18n/es.json(284,1): error TS1185: Merge conflict marker encountered.
src/i18n/es.json(286,1): error TS1185: Merge conflict marker encountered.
src/i18n/es.json(291,1): error TS1185: Merge conflict marker encountered.
src/i18n/es.json(293,1): error TS1185: Merge conflict marker encountered.
src/i18n/es.json(297,1): error TS1185: Merge conflict marker encountered.
src/i18n/es.json(305,1): error TS1185: Merge conflict marker encountered.
src/i18n/es.json(307,1): error TS1185: Merge conflict marker encountered.
src/i18n/es.json(311,1): error TS1185: Merge conflict marker encountered.
src/screens/AchievementsScreen.tsx(49,1): error TS1185: Merge conflict marker encountered.
src/screens/AchievementsScreen.tsx(51,1): error TS1185: Merge conflict marker encountered.
src/screens/AchievementsScreen.tsx(53,1): error TS1185: Merge conflict marker encountered.
src/screens/AchievementsScreen.tsx(81,1): error TS1185: Merge conflict marker encountered.
src/screens/AchievementsScreen.tsx(83,1): error TS1185: Merge conflict marker encountered.
src/screens/AchievementsScreen.tsx(85,1): error TS1185: Merge conflict marker encountered.
src/screens/AchievementsScreen.tsx(128,1): error TS1185: Merge conflict marker encountered.
src/screens/AchievementsScreen.tsx(130,1): error TS1185: Merge conflict marker encountered.
src/screens/AchievementsScreen.tsx(132,1): error TS1185: Merge conflict marker encountered.
src/screens/AchievementsScreen.tsx(139,1): error TS1185: Merge conflict marker encountered.
src/screens/AchievementsScreen.tsx(141,1): error TS1185: Merge conflict marker encountered.
src/screens/AchievementsScreen.tsx(143,1): error TS1185: Merge conflict marker encountered.
src/screens/AchievementsScreen.tsx(162,1): error TS1185: Merge conflict marker encountered.
src/screens/AchievementsScreen.tsx(167,1): error TS1185: Merge conflict marker encountered.
src/screens/AchievementsScreen.tsx(172,1): error TS1185: Merge conflict marker encountered.
src/screens/AchievementsScreen.tsx(240,81): error TS1005: '</' expected.
src/screens/AchievementsScreen.tsx(241,1): error TS1185: Merge conflict marker encountered.
src/screens/AchievementsScreen.tsx(243,1): error TS1185: Merge conflict marker encountered.
src/screens/AchievementsScreen.tsx(245,1): error TS1185: Merge conflict marker encountered.
src/screens/AchievementsScreen.tsx(247,7): error TS2657: JSX expressions must have one parent element.
src/screens/AchievementsScreen.tsx(259,89): error TS1005: ';' expected.
src/screens/AchievementsScreen.tsx(259,89): error TS1005: '</' expected.
src/screens/AchievementsScreen.tsx(260,1): error TS1185: Merge conflict marker encountered.
src/screens/AchievementsScreen.tsx(262,1): error TS1185: Merge conflict marker encountered.
src/screens/AchievementsScreen.tsx(264,1): error TS1185: Merge conflict marker encountered.
src/screens/AchievementsScreen.tsx(280,31): error TS1005: '</' expected.
src/screens/AchievementsScreen.tsx(281,1): error TS1185: Merge conflict marker encountered.
src/screens/AchievementsScreen.tsx(283,1): error TS1185: Merge conflict marker encountered.
src/screens/AchievementsScreen.tsx(285,1): error TS1185: Merge conflict marker encountered.
src/screens/AchievementsScreen.tsx(304,1): error TS1185: Merge conflict marker encountered.
src/screens/AchievementsScreen.tsx(308,1): error TS1185: Merge conflict marker encountered.
src/screens/AchievementsScreen.tsx(312,1): error TS1185: Merge conflict marker encountered.
src/screens/AchievementsScreen.tsx(320,13): error TS1128: Declaration or statement expected.
src/screens/AchievementsScreen.tsx(321,11): error TS1109: Expression expected.
src/screens/AchievementsScreen.tsx(322,9): error TS1109: Expression expected.
src/screens/AchievementsScreen.tsx(332,18): error TS1005: '</' expected.
src/screens/AchievementsScreen.tsx(333,1): error TS1185: Merge conflict marker encountered.
src/screens/AchievementsScreen.tsx(335,1): error TS1185: Merge conflict marker encountered.
src/screens/AchievementsScreen.tsx(337,1): error TS1185: Merge conflict marker encountered.
src/screens/AchievementsScreen.tsx(338,11): error TS2657: JSX expressions must have one parent element.
src/screens/AchievementsScreen.tsx(346,1): error TS1185: Merge conflict marker encountered.
src/screens/AchievementsScreen.tsx(348,1): error TS1185: Merge conflict marker encountered.
src/screens/AchievementsScreen.tsx(350,1): error TS1185: Merge conflict marker encountered.
src/screens/AchievementsScreen.tsx(357,9): error TS1128: Declaration or statement expected.
src/screens/AchievementsScreen.tsx(360,15): error TS1005: ';' expected.
src/screens/AchievementsScreen.tsx(360,23): error TS1005: ',' expected.
src/screens/AchievementsScreen.tsx(390,1): error TS1185: Merge conflict marker encountered.
src/screens/AchievementsScreen.tsx(398,1): error TS1185: Merge conflict marker encountered.
src/screens/AchievementsScreen.tsx(406,1): error TS1185: Merge conflict marker encountered.
src/screens/AchievementsScreen.tsx(413,9): error TS1128: Declaration or statement expected.
src/screens/AchievementsScreen.tsx(415,7): error TS1109: Expression expected.
src/screens/AchievementsScreen.tsx(418,14): error TS1005: ';' expected.
src/screens/AchievementsScreen.tsx(418,23): error TS1136: Property assignment expected.
src/screens/AchievementsScreen.tsx(418,25): error TS1005: ';' expected.
src/screens/AchievementsScreen.tsx(418,38): error TS1434: Unexpected keyword or identifier.
src/screens/AchievementsScreen.tsx(418,71): error TS1005: ';' expected.
src/screens/AchievementsScreen.tsx(418,87): error TS1136: Property assignment expected.
src/screens/AchievementsScreen.tsx(418,90): error TS1005: ';' expected.
src/screens/AchievementsScreen.tsx(418,113): error TS1128: Declaration or statement expected.
src/screens/AchievementsScreen.tsx(418,114): error TS1109: Expression expected.
src/screens/AchievementsScreen.tsx(425,1): error TS1185: Merge conflict marker encountered.
src/screens/AchievementsScreen.tsx(433,1): error TS1185: Merge conflict marker encountered.
src/screens/AchievementsScreen.tsx(441,1): error TS1185: Merge conflict marker encountered.
src/screens/AchievementsScreen.tsx(453,81): error TS1005: '</' expected.
src/screens/AchievementsScreen.tsx(454,1): error TS1185: Merge conflict marker encountered.
src/screens/AchievementsScreen.tsx(460,1): error TS1185: Merge conflict marker encountered.
src/screens/AchievementsScreen.tsx(466,1): error TS1185: Merge conflict marker encountered.
src/screens/AchievementsScreen.tsx(473,50): error TS1005: '</' expected.
src/screens/AchievementsScreen.tsx(474,1): error TS1185: Merge conflict marker encountered.
src/screens/AchievementsScreen.tsx(475,21): error TS2657: JSX expressions must have one parent element.
src/screens/AchievementsScreen.tsx(479,1): error TS1185: Merge conflict marker encountered.
src/screens/AchievementsScreen.tsx(484,1): error TS1185: Merge conflict marker encountered.
src/screens/AchievementsScreen.tsx(489,19): error TS1128: Declaration or statement expected.
src/screens/AchievementsScreen.tsx(490,17): error TS1109: Expression expected.
src/screens/AchievementsScreen.tsx(491,15): error TS1128: Declaration or statement expected.
src/screens/AchievementsScreen.tsx(496,13): error TS1128: Declaration or statement expected.
src/screens/AchievementsScreen.tsx(497,11): error TS1109: Expression expected.
src/screens/AchievementsScreen.tsx(497,12): error TS1128: Declaration or statement expected.
src/screens/AchievementsScreen.tsx(498,9): error TS1128: Declaration or statement expected.
src/screens/AchievementsScreen.tsx(499,7): error TS1109: Expression expected.
src/screens/AchievementsScreen.tsx(501,5): error TS1109: Expression expected.
src/screens/AchievementsScreen.tsx(502,3): error TS1109: Expression expected.
src/screens/AchievementsScreen.tsx(503,1): error TS1128: Declaration or statement expected.
src/screens/AchievementsScreen.tsx(579,1): error TS1185: Merge conflict marker encountered.
src/screens/AchievementsScreen.tsx(581,1): error TS1185: Merge conflict marker encountered.
src/screens/AchievementsScreen.tsx(583,1): error TS1185: Merge conflict marker encountered.
